
> react-example@0.0.0 build
> vite build && esbuild server.ts --bundle --platform=node --format=cjs --packages=external --sourcemap --outfile=dist/server.cjs

vite v6.4.3 building for production...
transforming...
✓ 1007 modules transformed.
rendering chunks...
computing gzip size...
dist/index.html                              1.42 kB │ gzip:   0.66 kB
dist/assets/index-wmLxxXEe.css             152.44 kB │ gzip:  20.78 kB
dist/assets/purify.es-DP5U8-sc.js           29.17 kB │ gzip:  10.99 kB
dist/assets/index.es-pwwFNiJy.js           159.72 kB │ gzip:  53.54 kB
dist/assets/html2canvas.esm-QH1iLAAe.js    202.38 kB │ gzip:  48.04 kB
dist/assets/index-BDs--e4K.js            2,933.75 kB │ gzip: 634.45 kB

(!) Some chunks are larger than 500 kB after minification. Consider:
- Using dynamic import() to code-split the application
- Use build.rollupOptions.output.manualChunks to improve chunking: https://rollupjs.org/configuration-options/#output-manualchunks
- Adjust chunk size limit for this warning via build.chunkSizeWarningLimit.
✓ built in 11.08s

  dist/server.cjs      6.0kb
  dist/server.cjs.map  8.1kb

⚡ Done in 11ms
